{
    "seed": -3036358545338243181,
    "samples": [
        {
            "value": -1,
            "key": 3
        },
        {
            "value": 30,
            "key": 21
        },
        {
            "value": 11,
            "key": -12
        },
        {
            "value": -24,
            "key": -11
        },
        {
            "value": 21,
            "key": 30
        }
    ]
}