{
    "seed": -4781699244348619612,
    "samples": [
        -16,
        19,
        -1,
        21,
        -18
    ]
}