{
    "seed": 2948072646103243829,
    "samples": [
        -25,
        -10,
        -25,
        -10,
        -29
    ]
}