{
    "seed": 7349662971534697166,
    "samples": [
        {
            "articleContent": "o𦼷_:\t^|l򳄰\u001c\u0010𭽳\u0019󋲱-I󴝙\u001fq𜒾匷I7",
            "articleTitle": "򟾘v󎵿\u0015񞭶,𕉰\u000e\u000bk񜪏{b\u0006",
            "articleAuthor": "󤟿xO?'t~R[J\u0004񚺔\u0016\u0000X\u00037򜂈\u001d𣏸T#"
        },
        {
            "articleContent": "h󅲯R\u001b}9n\u0007~\\𙱔J",
            "articleTitle": "|9򄯆s",
            "articleAuthor": "𵬆x򜆢񆉈|>,\r\u001e9\u0005B񌞆["
        },
        {
            "articleContent": "M;_򩯋򖜟\u001e6t񑣤L,Ro",
            "articleTitle": "򿂅}\u0012D񄎵򣕳򛒔\u001e򖪦w12忚\u0005\u0002\u00101(􊷲v)\r1\r\u0016",
            "articleAuthor": "\u0015󖷴1􃡂\u0013򭯧S8j񵣻69񂹙򉌖򵬳5p\\x󃝗@"
        },
        {
            "articleContent": "5!񛋟uuq\r%\u0003򽍹\\G",
            "articleTitle": "pf\u0015=\u0012򐛙$",
            "articleAuthor": "h\u000f^9M}R?65+񀻢\u000296Hrm\u0007\u000ex󎡳yg8Rj󻥰󛲵"
        },
        {
            "articleContent": "\u001f8\u000f󎿼-򓱛I񽑀\u0003;!򝚸\u0000p",
            "articleTitle": "pJ|E\\2f",
            "articleAuthor": "I\u0001񛱃򻫴[J%\u000bD<U\u0013~a\u000e"
        }
    ]
}